../Drivers/Components/stmpe811/stmpe811.c:131:6:stmpe811_Init	24	static
../Drivers/Components/stmpe811/stmpe811.c:164:6:stmpe811_Reset	16	static
../Drivers/Components/stmpe811/stmpe811.c:184:10:stmpe811_ReadID	32	static
../Drivers/Components/stmpe811/stmpe811.c:201:6:stmpe811_EnableGlobalIT	24	static
../Drivers/Components/stmpe811/stmpe811.c:220:6:stmpe811_DisableGlobalIT	24	static
../Drivers/Components/stmpe811/stmpe811.c:248:6:stmpe811_EnableITSource	24	static
../Drivers/Components/stmpe811/stmpe811.c:275:6:stmpe811_DisableITSource	24	static
../Drivers/Components/stmpe811/stmpe811.c:297:6:stmpe811_SetITPolarity	24	static
../Drivers/Components/stmpe811/stmpe811.c:323:6:stmpe811_SetITType	24	static
../Drivers/Components/stmpe811/stmpe811.c:354:9:stmpe811_GlobalITStatus	16	static
../Drivers/Components/stmpe811/stmpe811.c:373:9:stmpe811_ReadGITStatus	16	static
../Drivers/Components/stmpe811/stmpe811.c:393:6:stmpe811_ClearGlobalIT	16	static
../Drivers/Components/stmpe811/stmpe811.c:407:6:stmpe811_IO_Start	24	static
../Drivers/Components/stmpe811/stmpe811.c:439:9:stmpe811_IO_Config	24	static
../Drivers/Components/stmpe811/stmpe811.c:502:6:stmpe811_IO_InitPin	24	static
../Drivers/Components/stmpe811/stmpe811.c:531:6:stmpe811_IO_DisableAF	24	static
../Drivers/Components/stmpe811/stmpe811.c:554:6:stmpe811_IO_EnableAF	24	static
../Drivers/Components/stmpe811/stmpe811.c:579:6:stmpe811_IO_SetEdgeMode	24	static
../Drivers/Components/stmpe811/stmpe811.c:619:6:stmpe811_IO_WritePin	16	static
../Drivers/Components/stmpe811/stmpe811.c:642:10:stmpe811_IO_ReadPin	16	static
../Drivers/Components/stmpe811/stmpe811.c:652:6:stmpe811_IO_EnableIT	16	static
../Drivers/Components/stmpe811/stmpe811.c:668:6:stmpe811_IO_DisableIT	16	static
../Drivers/Components/stmpe811/stmpe811.c:685:6:stmpe811_IO_EnablePinIT	24	static
../Drivers/Components/stmpe811/stmpe811.c:707:6:stmpe811_IO_DisablePinIT	24	static
../Drivers/Components/stmpe811/stmpe811.c:728:10:stmpe811_IO_ITStatus	16	static
../Drivers/Components/stmpe811/stmpe811.c:741:6:stmpe811_IO_ClearIT	16	static
../Drivers/Components/stmpe811/stmpe811.c:764:6:stmpe811_TS_Start	24	static
../Drivers/Components/stmpe811/stmpe811.c:839:9:stmpe811_TS_DetectTouch	24	static
../Drivers/Components/stmpe811/stmpe811.c:871:6:stmpe811_TS_GetXY	32	static
../Drivers/Components/stmpe811/stmpe811.c:894:6:stmpe811_TS_EnableIT	16	static
../Drivers/Components/stmpe811/stmpe811.c:910:6:stmpe811_TS_DisableIT	16	static
../Drivers/Components/stmpe811/stmpe811.c:924:9:stmpe811_TS_ITStatus	16	static
../Drivers/Components/stmpe811/stmpe811.c:935:6:stmpe811_TS_ClearIT	16	static
../Drivers/Components/stmpe811/stmpe811.c:947:16:stmpe811_GetInstance	24	static
