../Drivers/BSP/stm32f429i_discovery_gyroscope.c:79:9:BSP_GYRO_Init	24	static
../Drivers/BSP/stm32f429i_discovery_gyroscope.c:207:9:BSP_GYRO_ReadID	16	static
../Drivers/BSP/stm32f429i_discovery_gyroscope.c:221:6:BSP_GYRO_Reset	8	static
../Drivers/BSP/stm32f429i_discovery_gyroscope.c:234:6:BSP_GYRO_ITConfig	24	static
../Drivers/BSP/stm32f429i_discovery_gyroscope.c:259:6:BSP_GYRO_EnableIT	16	static
../Drivers/BSP/stm32f429i_discovery_gyroscope.c:276:6:BSP_GYRO_DisableIT	16	static
../Drivers/BSP/stm32f429i_discovery_gyroscope.c:288:6:BSP_GYRO_GetXYZ	16	static
