../Drivers/BSP/stm32f429i_discovery.c:145:10:BSP_GetVersion	4	static
../Drivers/BSP/stm32f429i_discovery.c:157:6:BSP_LED_Init	48	static
../Drivers/BSP/stm32f429i_discovery.c:182:6:BSP_LED_On	16	static
../Drivers/BSP/stm32f429i_discovery.c:194:6:BSP_LED_Off	16	static
../Drivers/BSP/stm32f429i_discovery.c:206:6:BSP_LED_Toggle	16	static
../Drivers/BSP/stm32f429i_discovery.c:221:6:BSP_PB_Init	40	static
../Drivers/BSP/stm32f429i_discovery.c:258:10:BSP_PB_GetState	16	static
../Drivers/BSP/stm32f429i_discovery.c:271:13:SPIx_Init	8	static
../Drivers/BSP/stm32f429i_discovery.c:309:17:SPIx_Read	24	static
../Drivers/BSP/stm32f429i_discovery.c:330:13:SPIx_Write	24	static
../Drivers/BSP/stm32f429i_discovery.c:350:16:SPIx_WriteRead	32	static
../Drivers/BSP/stm32f429i_discovery.c:367:13:SPIx_Error	8	static
../Drivers/BSP/stm32f429i_discovery.c:380:13:SPIx_MspInit	48	static
../Drivers/BSP/stm32f429i_discovery.c:404:6:LCD_IO_Init	40	static
../Drivers/BSP/stm32f429i_discovery.c:448:6:LCD_IO_WriteData	16	static
../Drivers/BSP/stm32f429i_discovery.c:464:6:LCD_IO_WriteReg	16	static
../Drivers/BSP/stm32f429i_discovery.c:483:10:LCD_IO_ReadData	24	static
../Drivers/BSP/stm32f429i_discovery.c:510:6:LCD_Delay	16	static
../Drivers/BSP/stm32f429i_discovery.c:523:6:GYRO_IO_Init	40	static
../Drivers/BSP/stm32f429i_discovery.c:556:6:GYRO_IO_Write	16	static
../Drivers/BSP/stm32f429i_discovery.c:590:6:GYRO_IO_Read	16	static
