../Core/Src/../Inc/lcd_funcs.h:5:6:fillWithColorLCD	24	static
../Core/Src/../Inc/lcd_funcs.h:29:6:setActiveFrameBufLCD	16	static
../Core/Src/../Inc/init_funcs.h:20:13:SystemClock_Config	136	static
../Core/Src/../Inc/init_funcs.h:75:13:MX_CRC_Init	8	static
../Core/Src/../Inc/init_funcs.h:86:13:MX_DMA2D_Init	8	static
../Core/Src/../Inc/init_funcs.h:108:13:MX_I2C3_Init	8	static
../Core/Src/../Inc/init_funcs.h:141:13:MX_LTDC_Init	64	static
../Core/Src/../Inc/init_funcs.h:191:13:MX_SPI5_Init	8	static
../Core/Src/../Inc/init_funcs.h:215:13:MX_TIM1_Init	32	static
../Core/Src/../Inc/init_funcs.h:251:13:MX_UART5_Init	8	static
../Core/Src/../Inc/init_funcs.h:270:13:MX_USART1_UART_Init	8	static
../Core/Src/../Inc/init_funcs.h:289:13:MX_FMC_Init	40	static
../Core/Src/../Inc/init_funcs.h:326:13:MX_GPIO_Init	64	static
../Core/Src/../Inc/init_funcs.h:406:6:StartDefaultTask	16	static
../Core/Src/../Inc/init_funcs.h:424:6:HAL_TIM_PeriodElapsedCallback	16	static
../Core/Src/../Inc/init_funcs.h:433:6:Error_Handler	4	static,ignoring_inline_asm
../Core/Src/../Inc/init_funcs.h:446:19:initializeLCD	16	static
../Core/Src/../Inc/init_funcs.h:459:20:initializeGYRO	16	static
../Core/Src/../Inc/init_funcs.h:470:19:initializeRNG	16	static
../Core/Src/../Inc/init_funcs.h:483:6:initializeFont	8	static
../Core/Src/../Inc/helper_funcs.h:6:10:generate_random_position	24	static
../Core/Src/../Inc/helper_funcs.h:16:5:getAverageGyroReading	32	static
../Core/Src/../Inc/classes.h:40:6:isWithingRange	24	static
../Core/Src/../Inc/classes.h:53:6:displayBoard	24	static
../Core/Src/../Inc/classes.h:58:6:displayBall	32	static
../Core/Src/../Inc/classes.h:63:6:displayTarget	40	static
../Core/Src/../Inc/classes.h:98:8:newBall	16	static
../Core/Src/../Inc/classes.h:114:10:newTarget	16	static
../Core/Src/../Inc/classes.h:128:9:newBoard	16	static
../Core/Inc/tasks.h:26:6:startScreen	16	static
../Core/Inc/tasks.h:56:6:moveBoard	24	static
../Core/Inc/tasks.h:101:6:moveBall	32	static
../Core/Inc/tasks.h:173:6:drawTargets	136	static
../Core/Inc/tasks.h:292:6:displayGameData	96	static
../Core/Inc/tasks.h:337:6:endScreen	24	static
../Core/Src/main.c:30:5:main	72	static
